src/components/chart-area-interactive.tsx(3,1): error TS6133: 'React' is declared but its value is never read.
src/components/chart-area-interactive.tsx(55,9): error TS6133: 'isMobile' is declared but its value is never read.
src/components/checkout/order-summary.tsx(30,27): error TS2339: Property 'image' does not exist on type 'CartItem'.
src/components/data-table.tsx(626,17): error TS2339: Property 'header' does not exist on type '{ id: number; customer: string; createdAt: string; subtotal: number; payment: string; status: string; action: string; }'.
src/components/data-table.tsx(631,30): error TS2339: Property 'header' does not exist on type '{ id: number; customer: string; createdAt: string; subtotal: number; payment: string; status: string; action: string; }'.
src/components/data-table.tsx(697,53): error TS2339: Property 'header' does not exist on type '{ id: number; customer: string; createdAt: string; subtotal: number; payment: string; status: string; action: string; }'.
src/components/data-table.tsx(702,44): error TS2339: Property 'type' does not exist on type '{ id: number; customer: string; createdAt: string; subtotal: number; payment: string; status: string; action: string; }'.
src/components/data-table.tsx(747,55): error TS2339: Property 'target' does not exist on type '{ id: number; customer: string; createdAt: string; subtotal: number; payment: string; status: string; action: string; }'.
src/components/data-table.tsx(751,54): error TS2339: Property 'limit' does not exist on type '{ id: number; customer: string; createdAt: string; subtotal: number; payment: string; status: string; action: string; }'.
src/components/data-table.tsx(756,42): error TS2339: Property 'reviewer' does not exist on type '{ id: number; customer: string; createdAt: string; subtotal: number; payment: string; status: string; action: string; }'.
src/components/home/combo-section.tsx(28,7): error TS2353: Object literal may only specify known properties, and 'image' does not exist in type 'Omit<CartItem, "quantity">'.
src/components/home/product-section.tsx(116,23): error TS2353: Object literal may only specify known properties, and 'image' does not exist in type 'Omit<CartItem, "quantity">'.
src/components/section-cards.tsx(14,3): error TS6133: 'LeafIcon' is declared but its value is never read.
src/pages/CartPage.tsx(80,31): error TS2339: Property 'image' does not exist on type 'CartItem'.
src/pages/CheckoutPage.tsx(85,23): error TS2339: Property 'image' does not exist on type 'CartItem'.
src/pages/CustomerPage.tsx(26,28): error TS2322: Type '{ id: number; flightNo: string; airline: string; destination: string; gate: string; schedule: string; status: string; passengers: number; }[]' is not assignable to type '{ id: number; customer: string; createdAt: string; subtotal: number; payment: string; status: string; action: string; }[]'.
  Type '{ id: number; flightNo: string; airline: string; destination: string; gate: string; schedule: string; status: string; passengers: number; }' is missing the following properties from type '{ id: number; customer: string; createdAt: string; subtotal: number; payment: string; status: string; action: string; }': customer, createdAt, subtotal, payment, action
src/pages/DashBoardPage.tsx(44,40): error TS2554: Expected 0 arguments, but got 1.
src/pages/OrderListPage.tsx(26,28): error TS2322: Type '{ id: number; flightNo: string; airline: string; destination: string; gate: string; schedule: string; status: string; passengers: number; }[]' is not assignable to type '{ id: number; customer: string; createdAt: string; subtotal: number; payment: string; status: string; action: string; }[]'.
  Type '{ id: number; flightNo: string; airline: string; destination: string; gate: string; schedule: string; status: string; passengers: number; }' is missing the following properties from type '{ id: number; customer: string; createdAt: string; subtotal: number; payment: string; status: string; action: string; }': customer, createdAt, subtotal, payment, action
src/pages/ProductDetailPage.tsx(90,7): error TS2353: Object literal may only specify known properties, and 'image' does not exist in type 'Omit<CartItem, "quantity">'.
src/pages/ProductDetailPage.tsx(101,13): error TS2353: Object literal may only specify known properties, and 'image' does not exist in type 'Omit<CartItem, "quantity">'.
src/pages/ProductManagePage.tsx(26,28): error TS2322: Type '{ id: number; flightNo: string; airline: string; destination: string; gate: string; schedule: string; status: string; passengers: number; }[]' is not assignable to type '{ id: number; customer: string; createdAt: string; subtotal: number; payment: string; status: string; action: string; }[]'.
  Type '{ id: number; flightNo: string; airline: string; destination: string; gate: string; schedule: string; status: string; passengers: number; }' is missing the following properties from type '{ id: number; customer: string; createdAt: string; subtotal: number; payment: string; status: string; action: string; }': customer, createdAt, subtotal, payment, action
